09:48:52 [W1] INFO: Iniciando worker 1
09:48:57 [W1] INFO: 262 empresas já processadas (serão puladas).
09:48:57 [W1] INFO: Buscando empresas do Turso...
09:49:27 [W1] WARNING: Turso conexão perdida (tentativa 1/5). Aguardando 2s...
09:50:00 [W1] WARNING: Turso conexão perdida (tentativa 2/5). Aguardando 4s...
09:50:35 [W1] WARNING: Turso conexão perdida (tentativa 3/5). Aguardando 8s...
09:51:14 [W1] WARNING: Turso conexão perdida (tentativa 4/5). Aguardando 16s...
09:52:01 [W1] WARNING: Turso conexão perdida (tentativa 5/5). Aguardando 32s...
Traceback (most recent call last):
  File "C:\Users\joaovida\AppData\Roaming\Python\Python314\site-packages\urllib3\connectionpool.py", line 534, in _make_request
    response = conn.getresponse()
  File "C:\Users\joaovida\AppData\Roaming\Python\Python314\site-packages\urllib3\connection.py", line 571, in getresponse
    httplib_response = super().getresponse()
  File "C:\Python314\Lib\http\client.py", line 1450, in getresponse
    response.begin()
    ~~~~~~~~~~~~~~^^
  File "C:\Python314\Lib\http\client.py", line 336, in begin
    version, status, reason = self._read_status()
                              ~~~~~~~~~~~~~~~~~^^
  File "C:\Python314\Lib\http\client.py", line 297, in _read_status
    line = str(self.fp.readline(_MAXLINE + 1), "iso-8859-1")
               ~~~~~~~~~~~~~~~~^^^^^^^^^^^^^^
  File "C:\Python314\Lib\socket.py", line 725, in readinto
    return self._sock.recv_into(b)
           ~~~~~~~~~~~~~~~~~~~~^^^
  File "C:\Python314\Lib\ssl.py", line 1304, in recv_into
    return self.read(nbytes, buffer)
           ~~~~~~~~~^^^^^^^^^^^^^^^^
  File "C:\Python314\Lib\ssl.py", line 1138, in read
    return self._sslobj.read(len, buffer)
           ~~~~~~~~~~~~~~~~~^^^^^^^^^^^^^
TimeoutError: The read operation timed out

The above exception was the direct cause of the following exception:

Traceback (most recent call last):
  File "C:\Users\joaovida\AppData\Roaming\Python\Python314\site-packages\requests\adapters.py", line 645, in send
    resp = conn.urlopen(
        method=request.method,
    ...<9 lines>...
        chunked=chunked,
    )
  File "C:\Users\joaovida\AppData\Roaming\Python\Python314\site-packages\urllib3\connectionpool.py", line 841, in urlopen
    retries = retries.increment(
        method, url, error=new_e, _pool=self, _stacktrace=sys.exc_info()[2]
    )
  File "C:\Users\joaovida\AppData\Roaming\Python\Python314\site-packages\urllib3\util\retry.py", line 490, in increment
    raise reraise(type(error), error, _stacktrace)
          ~~~~~~~^^^^^^^^^^^^^^^^^^^^^^^^^^^^^^^^^
  File "C:\Users\joaovida\AppData\Roaming\Python\Python314\site-packages\urllib3\util\util.py", line 39, in reraise
    raise value
  File "C:\Users\joaovida\AppData\Roaming\Python\Python314\site-packages\urllib3\connectionpool.py", line 787, in urlopen
    response = self._make_request(
        conn,
    ...<10 lines>...
        **response_kw,
    )
  File "C:\Users\joaovida\AppData\Roaming\Python\Python314\site-packages\urllib3\connectionpool.py", line 536, in _make_request
    self._raise_timeout(err=e, url=url, timeout_value=read_timeout)
    ~~~~~~~~~~~~~~~~~~~^^^^^^^^^^^^^^^^^^^^^^^^^^^^^^^^^^^^^^^^^^^^
  File "C:\Users\joaovida\AppData\Roaming\Python\Python314\site-packages\urllib3\connectionpool.py", line 367, in _raise_timeout
    raise ReadTimeoutError(
        self, url, f"Read timed out. (read timeout={timeout_value})"
    ) from err
urllib3.exceptions.ReadTimeoutError: HTTPSConnectionPool(host='atlas-leads-joaovidaamazonlog.aws-us-east-1.turso.io', port=443): Read timed out. (read timeout=30)

During handling of the above exception, another exception occurred:

Traceback (most recent call last):
  File "C:\Users\joaovida\Documents\Projetos\atlas\_api_backend\geocode_worker.py", line 74, in _post
    r = req_lib.post(
        self.base, headers=self.headers,
        json=payload, timeout=timeout,
    )
  File "C:\Users\joaovida\AppData\Roaming\Python\Python314\site-packages\requests\api.py", line 115, in post
    return request("post", url, data=data, json=json, **kwargs)
  File "C:\Users\joaovida\AppData\Roaming\Python\Python314\site-packages\requests\api.py", line 59, in request
    return session.request(method=method, url=url, **kwargs)
           ~~~~~~~~~~~~~~~^^^^^^^^^^^^^^^^^^^^^^^^^^^^^^^^^^
  File "C:\Users\joaovida\AppData\Roaming\Python\Python314\site-packages\requests\sessions.py", line 592, in request
    resp = self.send(prep, **send_kwargs)
  File "C:\Users\joaovida\AppData\Roaming\Python\Python314\site-packages\requests\sessions.py", line 706, in send
    r = adapter.send(request, **kwargs)
  File "C:\Users\joaovida\AppData\Roaming\Python\Python314\site-packages\requests\adapters.py", line 691, in send
    raise ReadTimeout(e, request=request)
requests.exceptions.ReadTimeout: HTTPSConnectionPool(host='atlas-leads-joaovidaamazonlog.aws-us-east-1.turso.io', port=443): Read timed out. (read timeout=30)

The above exception was the direct cause of the following exception:

Traceback (most recent call last):
  File "C:\Users\joaovida\Documents\Projetos\atlas\_api_backend\geocode_worker.py", line 379, in <module>
    main()
    ~~~~^^
  File "C:\Users\joaovida\Documents\Projetos\atlas\_api_backend\geocode_worker.py", line 301, in main
    empresas    = turso.execute(sql, params or None)
  File "C:\Users\joaovida\Documents\Projetos\atlas\_api_backend\geocode_worker.py", line 109, in execute
    data = self._post({"requests": [{"type": "execute", "stmt": stmt}, {"type": "close"}]})
  File "C:\Users\joaovida\Documents\Projetos\atlas\_api_backend\geocode_worker.py", line 94, in _post
    raise RuntimeError(f"Turso: falha após {self.MAX_RETRIES} tentativas.") from last_exc
RuntimeError: Turso: falha após 5 tentativas.
10:03:14 [W1] INFO: Iniciando worker 1
10:03:21 [W1] INFO: 262 empresas já processadas (serão puladas).
10:04:22 [W1] WARNING: Turso conexão perdida (tentativa 1/5). Aguardando 2s...
10:05:25 [W1] WARNING: Turso conexão perdida (tentativa 2/5). Aguardando 4s...
10:06:30 [W1] WARNING: Turso conexão perdida (tentativa 3/5). Aguardando 8s...
10:07:39 [W1] WARNING: Turso conexão perdida (tentativa 4/5). Aguardando 16s...
10:08:56 [W1] WARNING: Turso conexão perdida (tentativa 5/5). Aguardando 32s...
Traceback (most recent call last):
  File "C:\Users\joaovida\AppData\Roaming\Python\Python314\site-packages\urllib3\connectionpool.py", line 534, in _make_request
    response = conn.getresponse()
  File "C:\Users\joaovida\AppData\Roaming\Python\Python314\site-packages\urllib3\connection.py", line 571, in getresponse
    httplib_response = super().getresponse()
  File "C:\Python314\Lib\http\client.py", line 1450, in getresponse
    response.begin()
    ~~~~~~~~~~~~~~^^
  File "C:\Python314\Lib\http\client.py", line 336, in begin
    version, status, reason = self._read_status()
                              ~~~~~~~~~~~~~~~~~^^
  File "C:\Python314\Lib\http\client.py", line 297, in _read_status
    line = str(self.fp.readline(_MAXLINE + 1), "iso-8859-1")
               ~~~~~~~~~~~~~~~~^^^^^^^^^^^^^^
  File "C:\Python314\Lib\socket.py", line 725, in readinto
    return self._sock.recv_into(b)
           ~~~~~~~~~~~~~~~~~~~~^^^
  File "C:\Python314\Lib\ssl.py", line 1304, in recv_into
    return self.read(nbytes, buffer)
           ~~~~~~~~~^^^^^^^^^^^^^^^^
  File "C:\Python314\Lib\ssl.py", line 1138, in read
    return self._sslobj.read(len, buffer)
           ~~~~~~~~~~~~~~~~~^^^^^^^^^^^^^
TimeoutError: The read operation timed out

The above exception was the direct cause of the following exception:

Traceback (most recent call last):
  File "C:\Users\joaovida\AppData\Roaming\Python\Python314\site-packages\requests\adapters.py", line 645, in send
    resp = conn.urlopen(
        method=request.method,
    ...<9 lines>...
        chunked=chunked,
    )
  File "C:\Users\joaovida\AppData\Roaming\Python\Python314\site-packages\urllib3\connectionpool.py", line 841, in urlopen
    retries = retries.increment(
        method, url, error=new_e, _pool=self, _stacktrace=sys.exc_info()[2]
    )
  File "C:\Users\joaovida\AppData\Roaming\Python\Python314\site-packages\urllib3\util\retry.py", line 490, in increment
    raise reraise(type(error), error, _stacktrace)
          ~~~~~~~^^^^^^^^^^^^^^^^^^^^^^^^^^^^^^^^^
  File "C:\Users\joaovida\AppData\Roaming\Python\Python314\site-packages\urllib3\util\util.py", line 39, in reraise
    raise value
  File "C:\Users\joaovida\AppData\Roaming\Python\Python314\site-packages\urllib3\connectionpool.py", line 787, in urlopen
    response = self._make_request(
        conn,
    ...<10 lines>...
        **response_kw,
    )
  File "C:\Users\joaovida\AppData\Roaming\Python\Python314\site-packages\urllib3\connectionpool.py", line 536, in _make_request
    self._raise_timeout(err=e, url=url, timeout_value=read_timeout)
    ~~~~~~~~~~~~~~~~~~~^^^^^^^^^^^^^^^^^^^^^^^^^^^^^^^^^^^^^^^^^^^^
  File "C:\Users\joaovida\AppData\Roaming\Python\Python314\site-packages\urllib3\connectionpool.py", line 367, in _raise_timeout
    raise ReadTimeoutError(
        self, url, f"Read timed out. (read timeout={timeout_value})"
    ) from err
urllib3.exceptions.ReadTimeoutError: HTTPSConnectionPool(host='atlas-leads-joaovidaamazonlog.aws-us-east-1.turso.io', port=443): Read timed out. (read timeout=60)

During handling of the above exception, another exception occurred:

Traceback (most recent call last):
  File "C:\Users\joaovida\Documents\Projetos\atlas\_api_backend\geocode_worker.py", line 74, in _post
    r = req_lib.post(
        self.base, headers=self.headers,
        json=payload, timeout=timeout,
    )
  File "C:\Users\joaovida\AppData\Roaming\Python\Python314\site-packages\requests\api.py", line 115, in post
    return request("post", url, data=data, json=json, **kwargs)
  File "C:\Users\joaovida\AppData\Roaming\Python\Python314\site-packages\requests\api.py", line 59, in request
    return session.request(method=method, url=url, **kwargs)
           ~~~~~~~~~~~~~~~^^^^^^^^^^^^^^^^^^^^^^^^^^^^^^^^^^
  File "C:\Users\joaovida\AppData\Roaming\Python\Python314\site-packages\requests\sessions.py", line 592, in request
    resp = self.send(prep, **send_kwargs)
  File "C:\Users\joaovida\AppData\Roaming\Python\Python314\site-packages\requests\sessions.py", line 706, in send
    r = adapter.send(request, **kwargs)
  File "C:\Users\joaovida\AppData\Roaming\Python\Python314\site-packages\requests\adapters.py", line 691, in send
    raise ReadTimeout(e, request=request)
requests.exceptions.ReadTimeout: HTTPSConnectionPool(host='atlas-leads-joaovidaamazonlog.aws-us-east-1.turso.io', port=443): Read timed out. (read timeout=60)

The above exception was the direct cause of the following exception:

Traceback (most recent call last):
  File "C:\Users\joaovida\Documents\Projetos\atlas\_api_backend\geocode_worker.py", line 385, in <module>
    main()
    ~~~~^^
  File "C:\Users\joaovida\Documents\Projetos\atlas\_api_backend\geocode_worker.py", line 296, in main
    total_count = int(turso.execute(count_sql, params or None)[0]["n"])
                      ~~~~~~~~~~~~~^^^^^^^^^^^^^^^^^^^^^^^^^^^
  File "C:\Users\joaovida\Documents\Projetos\atlas\_api_backend\geocode_worker.py", line 109, in execute
    data = self._post({"requests": [{"type": "execute", "stmt": stmt}, {"type": "close"}]}, timeout=60)
  File "C:\Users\joaovida\Documents\Projetos\atlas\_api_backend\geocode_worker.py", line 94, in _post
    raise RuntimeError(f"Turso: falha após {self.MAX_RETRIES} tentativas.") from last_exc
RuntimeError: Turso: falha após 5 tentativas.
10:41:47 [W1] INFO: Iniciando worker 1
10:41:50 [W1] INFO: Verificando índices em empresas_alvo...
10:41:51 [W1] INFO: Índices OK.
10:41:52 [W1] INFO: 262 empresas já processadas (serão puladas).
10:41:53 [W1] INFO: 1241080 empresas na faixa, 1240818 para processar.
10:48:43 [W1] INFO: [50/1240818] 0.0% | OK=29 FAIL=21 | 0.12/s | ETA 2826.2h
10:53:31 [W1] INFO: [100/1240818] 0.0% | OK=67 FAIL=33 | 0.14/s | ETA 2404.3h
10:59:18 [W1] INFO: [150/1240818] 0.0% | OK=102 FAIL=48 | 0.14/s | ETA 2400.0h
11:04:47 [W1] INFO: [200/1240818] 0.0% | OK=138 FAIL=62 | 0.15/s | ETA 2366.6h
11:10:50 [W1] INFO: [250/1240818] 0.0% | OK=176 FAIL=74 | 0.14/s | ETA 2393.4h
11:16:33 [W1] INFO: [300/1240818] 0.0% | OK=208 FAIL=92 | 0.14/s | ETA 2388.7h
11:22:24 [W1] INFO: [350/1240818] 0.0% | OK=245 FAIL=105 | 0.14/s | ETA 2392.9h
11:28:46 [W1] INFO: [400/1240818] 0.0% | OK=277 FAIL=123 | 0.14/s | ETA 2422.3h
11:35:09 [W1] INFO: [450/1240818] 0.0% | OK=306 FAIL=144 | 0.14/s | ETA 2446.6h
11:41:23 [W1] INFO: [500/1240818] 0.0% | OK=339 FAIL=161 | 0.14/s | ETA 2459.9h
11:47:02 [W1] INFO: [550/1240818] 0.0% | OK=372 FAIL=178 | 0.14/s | ETA 2448.4h
11:53:14 [W1] INFO: [600/1240818] 0.0% | OK=401 FAIL=199 | 0.14/s | ETA 2457.7h
