09:48:54 [W2] INFO: Iniciando worker 2
09:48:58 [W2] INFO: 262 empresas já processadas (serão puladas).
09:48:58 [W2] INFO: Buscando empresas do Turso...
09:49:28 [W2] WARNING: Turso conexão perdida (tentativa 1/5). Aguardando 2s...
09:50:01 [W2] WARNING: Turso conexão perdida (tentativa 2/5). Aguardando 4s...
09:50:36 [W2] WARNING: Turso conexão perdida (tentativa 3/5). Aguardando 8s...
09:51:14 [W2] WARNING: Turso conexão perdida (tentativa 4/5). Aguardando 16s...
09:52:01 [W2] WARNING: Turso conexão perdida (tentativa 5/5). Aguardando 32s...
Traceback (most recent call last):
  File "C:\Users\joaovida\AppData\Roaming\Python\Python314\site-packages\urllib3\connectionpool.py", line 534, in _make_request
    response = conn.getresponse()
  File "C:\Users\joaovida\AppData\Roaming\Python\Python314\site-packages\urllib3\connection.py", line 571, in getresponse
    httplib_response = super().getresponse()
  File "C:\Python314\Lib\http\client.py", line 1450, in getresponse
    response.begin()
    ~~~~~~~~~~~~~~^^
  File "C:\Python314\Lib\http\client.py", line 336, in begin
    version, status, reason = self._read_status()
                              ~~~~~~~~~~~~~~~~~^^
  File "C:\Python314\Lib\http\client.py", line 297, in _read_status
    line = str(self.fp.readline(_MAXLINE + 1), "iso-8859-1")
               ~~~~~~~~~~~~~~~~^^^^^^^^^^^^^^
  File "C:\Python314\Lib\socket.py", line 725, in readinto
    return self._sock.recv_into(b)
           ~~~~~~~~~~~~~~~~~~~~^^^
  File "C:\Python314\Lib\ssl.py", line 1304, in recv_into
    return self.read(nbytes, buffer)
           ~~~~~~~~~^^^^^^^^^^^^^^^^
  File "C:\Python314\Lib\ssl.py", line 1138, in read
    return self._sslobj.read(len, buffer)
           ~~~~~~~~~~~~~~~~~^^^^^^^^^^^^^
TimeoutError: The read operation timed out

The above exception was the direct cause of the following exception:

Traceback (most recent call last):
  File "C:\Users\joaovida\AppData\Roaming\Python\Python314\site-packages\requests\adapters.py", line 645, in send
    resp = conn.urlopen(
        method=request.method,
    ...<9 lines>...
        chunked=chunked,
    )
  File "C:\Users\joaovida\AppData\Roaming\Python\Python314\site-packages\urllib3\connectionpool.py", line 841, in urlopen
    retries = retries.increment(
        method, url, error=new_e, _pool=self, _stacktrace=sys.exc_info()[2]
    )
  File "C:\Users\joaovida\AppData\Roaming\Python\Python314\site-packages\urllib3\util\retry.py", line 490, in increment
    raise reraise(type(error), error, _stacktrace)
          ~~~~~~~^^^^^^^^^^^^^^^^^^^^^^^^^^^^^^^^^
  File "C:\Users\joaovida\AppData\Roaming\Python\Python314\site-packages\urllib3\util\util.py", line 39, in reraise
    raise value
  File "C:\Users\joaovida\AppData\Roaming\Python\Python314\site-packages\urllib3\connectionpool.py", line 787, in urlopen
    response = self._make_request(
        conn,
    ...<10 lines>...
        **response_kw,
    )
  File "C:\Users\joaovida\AppData\Roaming\Python\Python314\site-packages\urllib3\connectionpool.py", line 536, in _make_request
    self._raise_timeout(err=e, url=url, timeout_value=read_timeout)
    ~~~~~~~~~~~~~~~~~~~^^^^^^^^^^^^^^^^^^^^^^^^^^^^^^^^^^^^^^^^^^^^
  File "C:\Users\joaovida\AppData\Roaming\Python\Python314\site-packages\urllib3\connectionpool.py", line 367, in _raise_timeout
    raise ReadTimeoutError(
        self, url, f"Read timed out. (read timeout={timeout_value})"
    ) from err
urllib3.exceptions.ReadTimeoutError: HTTPSConnectionPool(host='atlas-leads-joaovidaamazonlog.aws-us-east-1.turso.io', port=443): Read timed out. (read timeout=30)

During handling of the above exception, another exception occurred:

Traceback (most recent call last):
  File "C:\Users\joaovida\Documents\Projetos\atlas\_api_backend\geocode_worker.py", line 74, in _post
    r = req_lib.post(
        self.base, headers=self.headers,
        json=payload, timeout=timeout,
    )
  File "C:\Users\joaovida\AppData\Roaming\Python\Python314\site-packages\requests\api.py", line 115, in post
    return request("post", url, data=data, json=json, **kwargs)
  File "C:\Users\joaovida\AppData\Roaming\Python\Python314\site-packages\requests\api.py", line 59, in request
    return session.request(method=method, url=url, **kwargs)
           ~~~~~~~~~~~~~~~^^^^^^^^^^^^^^^^^^^^^^^^^^^^^^^^^^
  File "C:\Users\joaovida\AppData\Roaming\Python\Python314\site-packages\requests\sessions.py", line 592, in request
    resp = self.send(prep, **send_kwargs)
  File "C:\Users\joaovida\AppData\Roaming\Python\Python314\site-packages\requests\sessions.py", line 706, in send
    r = adapter.send(request, **kwargs)
  File "C:\Users\joaovida\AppData\Roaming\Python\Python314\site-packages\requests\adapters.py", line 691, in send
    raise ReadTimeout(e, request=request)
requests.exceptions.ReadTimeout: HTTPSConnectionPool(host='atlas-leads-joaovidaamazonlog.aws-us-east-1.turso.io', port=443): Read timed out. (read timeout=30)

The above exception was the direct cause of the following exception:

Traceback (most recent call last):
  File "C:\Users\joaovida\Documents\Projetos\atlas\_api_backend\geocode_worker.py", line 379, in <module>
    main()
    ~~~~^^
  File "C:\Users\joaovida\Documents\Projetos\atlas\_api_backend\geocode_worker.py", line 301, in main
    empresas    = turso.execute(sql, params or None)
  File "C:\Users\joaovida\Documents\Projetos\atlas\_api_backend\geocode_worker.py", line 109, in execute
    data = self._post({"requests": [{"type": "execute", "stmt": stmt}, {"type": "close"}]})
  File "C:\Users\joaovida\Documents\Projetos\atlas\_api_backend\geocode_worker.py", line 94, in _post
    raise RuntimeError(f"Turso: falha após {self.MAX_RETRIES} tentativas.") from last_exc
RuntimeError: Turso: falha após 5 tentativas.
10:03:15 [W2] INFO: Iniciando worker 2
10:03:22 [W2] INFO: 262 empresas já processadas (serão puladas).
10:04:23 [W2] WARNING: Turso conexão perdida (tentativa 1/5). Aguardando 2s...
10:05:26 [W2] WARNING: Turso conexão perdida (tentativa 2/5). Aguardando 4s...
10:06:31 [W2] WARNING: Turso conexão perdida (tentativa 3/5). Aguardando 8s...
10:07:39 [W2] WARNING: Turso conexão perdida (tentativa 4/5). Aguardando 16s...
10:08:56 [W2] WARNING: Turso conexão perdida (tentativa 5/5). Aguardando 32s...
Traceback (most recent call last):
  File "C:\Users\joaovida\AppData\Roaming\Python\Python314\site-packages\urllib3\connectionpool.py", line 534, in _make_request
    response = conn.getresponse()
  File "C:\Users\joaovida\AppData\Roaming\Python\Python314\site-packages\urllib3\connection.py", line 571, in getresponse
    httplib_response = super().getresponse()
  File "C:\Python314\Lib\http\client.py", line 1450, in getresponse
    response.begin()
    ~~~~~~~~~~~~~~^^
  File "C:\Python314\Lib\http\client.py", line 336, in begin
    version, status, reason = self._read_status()
                              ~~~~~~~~~~~~~~~~~^^
  File "C:\Python314\Lib\http\client.py", line 297, in _read_status
    line = str(self.fp.readline(_MAXLINE + 1), "iso-8859-1")
               ~~~~~~~~~~~~~~~~^^^^^^^^^^^^^^
  File "C:\Python314\Lib\socket.py", line 725, in readinto
    return self._sock.recv_into(b)
           ~~~~~~~~~~~~~~~~~~~~^^^
  File "C:\Python314\Lib\ssl.py", line 1304, in recv_into
    return self.read(nbytes, buffer)
           ~~~~~~~~~^^^^^^^^^^^^^^^^
  File "C:\Python314\Lib\ssl.py", line 1138, in read
    return self._sslobj.read(len, buffer)
           ~~~~~~~~~~~~~~~~~^^^^^^^^^^^^^
TimeoutError: The read operation timed out

The above exception was the direct cause of the following exception:

Traceback (most recent call last):
  File "C:\Users\joaovida\AppData\Roaming\Python\Python314\site-packages\requests\adapters.py", line 645, in send
    resp = conn.urlopen(
        method=request.method,
    ...<9 lines>...
        chunked=chunked,
    )
  File "C:\Users\joaovida\AppData\Roaming\Python\Python314\site-packages\urllib3\connectionpool.py", line 841, in urlopen
    retries = retries.increment(
        method, url, error=new_e, _pool=self, _stacktrace=sys.exc_info()[2]
    )
  File "C:\Users\joaovida\AppData\Roaming\Python\Python314\site-packages\urllib3\util\retry.py", line 490, in increment
    raise reraise(type(error), error, _stacktrace)
          ~~~~~~~^^^^^^^^^^^^^^^^^^^^^^^^^^^^^^^^^
  File "C:\Users\joaovida\AppData\Roaming\Python\Python314\site-packages\urllib3\util\util.py", line 39, in reraise
    raise value
  File "C:\Users\joaovida\AppData\Roaming\Python\Python314\site-packages\urllib3\connectionpool.py", line 787, in urlopen
    response = self._make_request(
        conn,
    ...<10 lines>...
        **response_kw,
    )
  File "C:\Users\joaovida\AppData\Roaming\Python\Python314\site-packages\urllib3\connectionpool.py", line 536, in _make_request
    self._raise_timeout(err=e, url=url, timeout_value=read_timeout)
    ~~~~~~~~~~~~~~~~~~~^^^^^^^^^^^^^^^^^^^^^^^^^^^^^^^^^^^^^^^^^^^^
  File "C:\Users\joaovida\AppData\Roaming\Python\Python314\site-packages\urllib3\connectionpool.py", line 367, in _raise_timeout
    raise ReadTimeoutError(
        self, url, f"Read timed out. (read timeout={timeout_value})"
    ) from err
urllib3.exceptions.ReadTimeoutError: HTTPSConnectionPool(host='atlas-leads-joaovidaamazonlog.aws-us-east-1.turso.io', port=443): Read timed out. (read timeout=60)

During handling of the above exception, another exception occurred:

Traceback (most recent call last):
  File "C:\Users\joaovida\Documents\Projetos\atlas\_api_backend\geocode_worker.py", line 74, in _post
    r = req_lib.post(
        self.base, headers=self.headers,
        json=payload, timeout=timeout,
    )
  File "C:\Users\joaovida\AppData\Roaming\Python\Python314\site-packages\requests\api.py", line 115, in post
    return request("post", url, data=data, json=json, **kwargs)
  File "C:\Users\joaovida\AppData\Roaming\Python\Python314\site-packages\requests\api.py", line 59, in request
    return session.request(method=method, url=url, **kwargs)
           ~~~~~~~~~~~~~~~^^^^^^^^^^^^^^^^^^^^^^^^^^^^^^^^^^
  File "C:\Users\joaovida\AppData\Roaming\Python\Python314\site-packages\requests\sessions.py", line 592, in request
    resp = self.send(prep, **send_kwargs)
  File "C:\Users\joaovida\AppData\Roaming\Python\Python314\site-packages\requests\sessions.py", line 706, in send
    r = adapter.send(request, **kwargs)
  File "C:\Users\joaovida\AppData\Roaming\Python\Python314\site-packages\requests\adapters.py", line 691, in send
    raise ReadTimeout(e, request=request)
requests.exceptions.ReadTimeout: HTTPSConnectionPool(host='atlas-leads-joaovidaamazonlog.aws-us-east-1.turso.io', port=443): Read timed out. (read timeout=60)

The above exception was the direct cause of the following exception:

Traceback (most recent call last):
  File "C:\Users\joaovida\Documents\Projetos\atlas\_api_backend\geocode_worker.py", line 385, in <module>
    main()
    ~~~~^^
  File "C:\Users\joaovida\Documents\Projetos\atlas\_api_backend\geocode_worker.py", line 296, in main
    total_count = int(turso.execute(count_sql, params or None)[0]["n"])
                      ~~~~~~~~~~~~~^^^^^^^^^^^^^^^^^^^^^^^^^^^
  File "C:\Users\joaovida\Documents\Projetos\atlas\_api_backend\geocode_worker.py", line 109, in execute
    data = self._post({"requests": [{"type": "execute", "stmt": stmt}, {"type": "close"}]}, timeout=60)
  File "C:\Users\joaovida\Documents\Projetos\atlas\_api_backend\geocode_worker.py", line 94, in _post
    raise RuntimeError(f"Turso: falha após {self.MAX_RETRIES} tentativas.") from last_exc
RuntimeError: Turso: falha após 5 tentativas.
10:41:49 [W2] INFO: Iniciando worker 2
10:41:52 [W2] INFO: Verificando índices em empresas_alvo...
10:41:53 [W2] INFO: Índices OK.
10:41:54 [W2] INFO: 262 empresas já processadas (serão puladas).
10:41:55 [W2] INFO: 669808 empresas na faixa, 669546 para processar.
10:48:23 [W2] INFO: [50/669546] 0.0% | OK=36 FAIL=14 | 0.13/s | ETA 1443.7h
10:55:38 [W2] INFO: [100/669546] 0.0% | OK=68 FAIL=32 | 0.12/s | ETA 1529.9h
11:03:38 [W2] INFO: [150/669546] 0.0% | OK=85 FAIL=65 | 0.12/s | ETA 1614.8h
11:10:20 [W2] INFO: [200/669546] 0.0% | OK=115 FAIL=85 | 0.12/s | ETA 1585.3h
11:17:05 [W2] INFO: [250/669546] 0.0% | OK=146 FAIL=104 | 0.12/s | ETA 1568.7h
11:24:06 [W2] INFO: [300/669546] 0.0% | OK=176 FAIL=124 | 0.12/s | ETA 1568.5h
11:30:56 [W2] INFO: [350/669546] 0.1% | OK=205 FAIL=145 | 0.12/s | ETA 1561.7h
11:37:30 [W2] INFO: [400/669546] 0.1% | OK=237 FAIL=163 | 0.12/s | ETA 1549.5h
11:44:44 [W2] INFO: [450/669546] 0.1% | OK=270 FAIL=180 | 0.12/s | ETA 1556.8h
11:51:55 [W2] INFO: [500/669546] 0.1% | OK=302 FAIL=198 | 0.12/s | ETA 1561.0h
